[preview.uideck.com/items/inspire-lite/index.html]
[backblue.gif]
[fade.gif]
[index.html]
[preview.uideck.com/items/inspire-lite/assets/css/bootstrap.min.css]
[preview.uideck.com/items/inspire-lite/assets/fonts/line-icons.css]
[preview.uideck.com/items/inspire-lite/assets/plugins/morris/morris.css]
[preview.uideck.com/items/inspire-lite/assets/css/main.css]
[preview.uideck.com/items/inspire-lite/assets/css/responsive.css]
[preview.uideck.com/items/inspire-lite/assets/img/logo.png]
[preview.uideck.com/items/inspire-lite/assets/img/logo-text.png]
[preview.uideck.com/items/inspire-lite/assets/img/users/avatar-1.jpg]
[preview.uideck.com/items/inspire-lite/assets/img/users/avatar-2.jpg]
[preview.uideck.com/items/inspire-lite/assets/img/users/avatar-3.jpg]
[preview.uideck.com/items/inspire-lite/assets/img/avatar/avatar.jpg]
[preview.uideck.com/items/inspire-lite/email.html]
[preview.uideck.com/items/inspire-lite/alert.html]
[preview.uideck.com/items/inspire-lite/badge.html]
[preview.uideck.com/items/inspire-lite/buttons.html]
[preview.uideck.com/items/inspire-lite/accordion.html]
[preview.uideck.com/items/inspire-lite/carousel.html]
[preview.uideck.com/items/inspire-lite/dropdown.html]
[preview.uideck.com/items/inspire-lite/line-icons.html]
[preview.uideck.com/items/inspire-lite/fontawesome-icons.html]
[preview.uideck.com/items/inspire-lite/form-elements.html]
[preview.uideck.com/items/inspire-lite/basic-table.html]
[preview.uideck.com/items/inspire-lite/charts-morris.html]
[preview.uideck.com/items/inspire-lite/google-map.html]
[preview.uideck.com/items/inspire-lite/assets/img/avatar/user1.png]
[preview.uideck.com/items/inspire-lite/assets/img/avatar/user2.png]
[preview.uideck.com/items/inspire-lite/assets/img/avatar/user3.png]
[preview.uideck.com/items/inspire-lite/assets/img/avatar/user4.png]
[preview.uideck.com/items/inspire-lite/assets/img/event/img-1.jpg]
[preview.uideck.com/items/inspire-lite/assets/img/event/img-2.jpg]
[preview.uideck.com/items/inspire-lite/assets/js/jquery-min.js]
[preview.uideck.com/items/inspire-lite/assets/js/popper.min.js]
[preview.uideck.com/items/inspire-lite/assets/js/bootstrap.min.js]
[preview.uideck.com/items/inspire-lite/assets/js/jquery.app.js]
[preview.uideck.com/items/inspire-lite/assets/js/main.js]
[preview.uideck.com/items/inspire-lite/assets/plugins/morris/morris.min.js]
[preview.uideck.com/items/inspire-lite/assets/plugins/raphael/raphael-min.js]
[preview.uideck.com/items/inspire-lite/index.html]
[preview.uideck.com/items/inspire-lite/assets/css/bootstrap.min.css]
[preview.uideck.com/items/inspire-lite/assets/js/dashborad1.js]
[preview.uideck.com/items/inspire-lite/assets/fonts/LineIconsa7fb.eot]
[preview.uideck.com/items/inspire-lite/assets/fonts/LineIconsa7fb.ttf]
[preview.uideck.com/items/inspire-lite/assets/fonts/LineIconsa7fb.woff]
[preview.uideck.com/items/inspire-lite/assets/fonts/line-icons.css]
[preview.uideck.com/items/inspire-lite/assets/plugins/morris/morris.css]
[preview.uideck.com/items/inspire-lite/assets/css/main.css]
[preview.uideck.com/items/inspire-lite/assets/css/responsive.css]
[preview.uideck.com/items/inspire-lite/assets/fonts/LineIconsa7fb.svg]
[preview.uideck.com/items/inspire-lite/email-compose.html]
[preview.uideck.com/items/inspire-lite/email.html]
[preview.uideck.com/items/inspire-lite/alert.html]
[preview.uideck.com/items/inspire-lite/badge.html]
[preview.uideck.com/items/inspire-lite/buttons.html]
[preview.uideck.com/items/inspire-lite/accordion.html]
[preview.uideck.com/items/inspire-lite/email-read.html]
[preview.uideck.com/items/inspire-lite/assets/img/carousel/img-1.jpg]
[preview.uideck.com/items/inspire-lite/assets/img/carousel/img-2.jpg]
[preview.uideck.com/items/inspire-lite/assets/img/carousel/img-3.jpg]
[preview.uideck.com/items/inspire-lite/assets/img/carousel/img-4.jpg]
[preview.uideck.com/items/inspire-lite/assets/img/carousel/img-5.jpg]
[preview.uideck.com/items/inspire-lite/assets/img/carousel/img-6.jpg]
[preview.uideck.com/items/inspire-lite/carousel.html]
[preview.uideck.com/items/inspire-lite/dropdown.html]
[preview.uideck.com/items/inspire-lite/line-icons.html]
[preview.uideck.com/items/inspire-lite/fontawesome-icons.html]
[preview.uideck.com/items/inspire-lite/form-elements.html]
[preview.uideck.com/items/inspire-lite/assets/css/icons.css]
[preview.uideck.com/items/inspire-lite/basic-table.html]
[preview.uideck.com/cdn-cgi/scripts/5c5dd728/cloudflare-static/email-decode.min.js]
[preview.uideck.com/items/inspire-lite/calendar.html]
[preview.uideck.com/items/inspire-lite/chat-app.html]
[preview.uideck.com/items/inspire-lite/contact.html]
[preview.uideck.com/items/inspire-lite/charts-morris.html]
[preview.uideck.com/items/inspire-lite/assets/js/morris.init.js]
[preview.uideck.com/items/inspire-lite/assets/js/gmaps.min.js]
[preview.uideck.com/items/inspire-lite/google-map.html]
[preview.uideck.com/items/inspire-lite/assets/fonts/LineIconsa7fb.svg]
[preview.uideck.com/items/inspire-lite/assets/js/gmaps.js]
[preview.uideck.com/items/inspire-lite/email-compose.html]
[preview.uideck.com/items/inspire-lite/assets/plugins/tinymce/tinymce.min.js]
[preview.uideck.com/items/inspire-lite/assets/img/users/1.jpg]
[preview.uideck.com/items/inspire-lite/assets/img/users/2.jpg]
[preview.uideck.com/items/inspire-lite/email-read.html]
[preview.uideck.com/items/inspire-lite/assets/fonts/fontawesome-webfont3e6e.eot]
[preview.uideck.com/items/inspire-lite/assets/fonts/fontawesome-webfontd41d.eot]
[preview.uideck.com/items/inspire-lite/assets/fonts/fontawesome-webfont3e6e.woff2]
[preview.uideck.com/items/inspire-lite/assets/fonts/fontawesome-webfont3e6e.woff]
[preview.uideck.com/items/inspire-lite/assets/fonts/fontawesome-webfont3e6e.ttf]
[preview.uideck.com/items/inspire-lite/assets/fonts/fontawesome-webfont3e6e.svg]
[preview.uideck.com/items/inspire-lite/assets/fonts/materialdesignicons-webfont6c9c.eot]
[preview.uideck.com/items/inspire-lite/assets/fonts/materialdesignicons-webfontd41d.eot]
[preview.uideck.com/items/inspire-lite/assets/fonts/materialdesignicons-webfont6c9c.woff2]
[preview.uideck.com/items/inspire-lite/assets/fonts/materialdesignicons-webfont6c9c.woff]
[preview.uideck.com/items/inspire-lite/assets/fonts/materialdesignicons-webfont6c9c.ttf]
[preview.uideck.com/items/inspire-lite/assets/fonts/materialdesignicons-webfont6c9c.svg]
[preview.uideck.com/items/inspire-lite/assets/fonts/ioniconsaa26.eot]
[preview.uideck.com/items/inspire-lite/assets/fonts/ioniconsaa26.ttf]
[preview.uideck.com/items/inspire-lite/assets/fonts/ioniconsaa26.woff]
[preview.uideck.com/items/inspire-lite/assets/fonts/ioniconsaa26.svg]
[preview.uideck.com/items/inspire-lite/assets/fonts/themify9f24.eot]
[preview.uideck.com/items/inspire-lite/assets/fonts/themifyd41d.eot]
[preview.uideck.com/items/inspire-lite/assets/fonts/themify9f24.woff]
[preview.uideck.com/items/inspire-lite/assets/fonts/themify9f24.ttf]
[preview.uideck.com/items/inspire-lite/assets/fonts/themify9f24.svg]
[preview.uideck.com/items/inspire-lite/assets/fonts/dripicons-v2.eot]
[preview.uideck.com/items/inspire-lite/assets/fonts/dripicons-v2d41d.eot]
[preview.uideck.com/items/inspire-lite/assets/fonts/dripicons-v2.woff]
[preview.uideck.com/items/inspire-lite/assets/fonts/dripicons-v2.ttf]
[preview.uideck.com/items/inspire-lite/assets/fonts/dripicons-v2.svg]
[preview.uideck.com/items/inspire-lite/assets/fonts/typicons.eot]
[preview.uideck.com/items/inspire-lite/assets/fonts/typiconsd41d.eot]
[preview.uideck.com/items/inspire-lite/assets/fonts/typicons.woff]
[preview.uideck.com/items/inspire-lite/assets/fonts/typicons.ttf]
[preview.uideck.com/items/inspire-lite/assets/fonts/typicons.svg]
[preview.uideck.com/items/inspire-lite/assets/css/icons.css]
[preview.uideck.com/items/inspire-lite/calendar.html]
[preview.uideck.com/items/inspire-lite/chat-app.html]
[preview.uideck.com/items/inspire-lite/contact.html]
[preview.uideck.com/items/inspire-lite/assets/fonts/fontawesome-webfont3e6e.svg]
[preview.uideck.com/items/inspire-lite/assets/fonts/materialdesignicons-webfont6c9c.html]
[preview.uideck.com/items/inspire-lite/assets/fonts/materialdesignicons-webfontd41d.html]
[preview.uideck.com/items/inspire-lite/assets/fonts/materialdesignicons-webfont6c9c-2.html]
[preview.uideck.com/items/inspire-lite/assets/fonts/materialdesignicons-webfont6c9c-3.html]
[preview.uideck.com/items/inspire-lite/assets/fonts/materialdesignicons-webfont6c9c-4.html]
[preview.uideck.com/items/inspire-lite/assets/fonts/materialdesignicons-webfont6c9c-5.html]
[preview.uideck.com/items/inspire-lite/assets/fonts/ioniconsaa26.html]
[preview.uideck.com/items/inspire-lite/assets/fonts/ioniconsaa26-2.html]
[preview.uideck.com/items/inspire-lite/assets/fonts/ioniconsaa26-3.html]
[preview.uideck.com/items/inspire-lite/assets/fonts/ioniconsaa26-4.html]
[preview.uideck.com/items/inspire-lite/assets/fonts/themify9f24.html]
[preview.uideck.com/items/inspire-lite/assets/fonts/themifyd41d.html]
[preview.uideck.com/items/inspire-lite/assets/fonts/themify9f24-2.html]
[preview.uideck.com/items/inspire-lite/assets/fonts/themify9f24-3.html]
[preview.uideck.com/items/inspire-lite/assets/fonts/themify9f24-4.html]
[preview.uideck.com/items/inspire-lite/assets/fonts/dripicons-v2.html]
[preview.uideck.com/items/inspire-lite/assets/fonts/dripicons-v2d41d.html]
[preview.uideck.com/items/inspire-lite/assets/fonts/dripicons-v2-2.html]
[preview.uideck.com/items/inspire-lite/assets/fonts/dripicons-v2-3.html]
[preview.uideck.com/items/inspire-lite/assets/fonts/dripicons-v2-4.html]
[preview.uideck.com/items/inspire-lite/assets/fonts/typicons.html]
[preview.uideck.com/items/inspire-lite/assets/fonts/typiconsd41d.html]
[preview.uideck.com/items/inspire-lite/assets/fonts/typicons-2.html]
[preview.uideck.com/items/inspire-lite/assets/fonts/typicons-3.html]
[preview.uideck.com/items/inspire-lite/assets/fonts/typicons-4.html]
